// Jest Snapshot v1, https://goo.gl/fbAQLP

exports[`Testing <RandomChar/> Testing snap & state RandomChar have rendered correctly 1`] = `
ShallowWrapper {
  Symbol(enzyme.__root__): [Circular],
  Symbol(enzyme.__unrendered__): <RandomChar />,
  Symbol(enzyme.__renderer__): Object {
    "batchedUpdates": [Function],
    "checkPropTypes": [Function],
    "getNode": [Function],
    "render": [Function],
    "simulateError": [Function],
    "simulateEvent": [Function],
    "unmount": [Function],
  },
  Symbol(enzyme.__node__): Object {
    "instance": null,
    "key": undefined,
    "nodeType": "function",
    "props": Object {
      "children": Array [
        null,
        <Spinner />,
        null,
      ],
      "className": "rounded",
    },
    "ref": null,
    "rendered": Array [
      null,
      Object {
        "instance": null,
        "key": undefined,
        "nodeType": "function",
        "props": Object {},
        "ref": null,
        "rendered": null,
        "type": [Function],
      },
      null,
    ],
    "type": Object {
      "$$typeof": Symbol(react.forward_ref),
      "attrs": Array [],
      "componentStyle": ComponentStyle {
        "componentId": "sc-bwzfXH",
        "isStatic": true,
        "rules": Array [
          "
    background-color: #fff;
    padding: 25px 25px 15px 25px;
    margin-bottom: 40px;
    h4 {
        margin-bottom: 20px;
        text-align: center;
    }
",
        ],
      },
      "displayName": "styled.div",
      "foldedComponentIds": Array [],
      "render": [Function],
      "styledComponentId": "sc-bwzfXH",
      "target": "div",
      "toString": [Function],
      "warnTooManyClasses": [Function],
      "withComponent": [Function],
    },
  },
  Symbol(enzyme.__nodes__): Array [
    Object {
      "instance": null,
      "key": undefined,
      "nodeType": "function",
      "props": Object {
        "children": Array [
          null,
          <Spinner />,
          null,
        ],
        "className": "rounded",
      },
      "ref": null,
      "rendered": Array [
        null,
        Object {
          "instance": null,
          "key": undefined,
          "nodeType": "function",
          "props": Object {},
          "ref": null,
          "rendered": null,
          "type": [Function],
        },
        null,
      ],
      "type": Object {
        "$$typeof": Symbol(react.forward_ref),
        "attrs": Array [],
        "componentStyle": ComponentStyle {
          "componentId": "sc-bwzfXH",
          "isStatic": true,
          "rules": Array [
            "
    background-color: #fff;
    padding: 25px 25px 15px 25px;
    margin-bottom: 40px;
    h4 {
        margin-bottom: 20px;
        text-align: center;
    }
",
          ],
        },
        "displayName": "styled.div",
        "foldedComponentIds": Array [],
        "render": [Function],
        "styledComponentId": "sc-bwzfXH",
        "target": "div",
        "toString": [Function],
        "warnTooManyClasses": [Function],
        "withComponent": [Function],
      },
    },
  ],
  Symbol(enzyme.__options__): Object {
    "adapter": ReactSixteenAdapter {
      "options": Object {
        "enableComponentDidUpdateOnSetState": true,
        "legacyContextMode": "parent",
        "lifecycles": Object {
          "componentDidUpdate": Object {
            "onSetState": true,
          },
          "getChildContext": Object {
            "calledByRenderer": false,
          },
          "getDerivedStateFromProps": true,
          "getSnapshotBeforeUpdate": true,
          "setState": Object {
            "skipsComponentDidUpdateOnNullish": true,
          },
        },
      },
    },
  },
}
`;
